
> starter_helpi@0.1.0 test
> react-scripts test --coverage

FAIL src/App.test.tsx
  ✕ renders learn react link (46 ms)

  ● renders learn react link

    TestingLibraryElementError: Unable to find an element with the text: /learn react/i. This could be because the text is broken up by multiple elements. In this case, you can provide a function for your text matcher to make your matcher more flexible.

    Ignored nodes: comments, script, style
    [36m<body>[39m
      [36m<div>[39m
        [36m<div>[39m
          [36m<div[39m
            [33mclass[39m=[32m"App"[39m
          [36m>[39m
            [36m<div[39m
              [33mclass[39m=[32m"homeHeader"[39m
            [36m>[39m
              [36m<img[39m
                [33malt[39m=[32m"a logo image"[39m
                [33msrc[39m=[32m"reactlogo.png"[39m
                [33mstyle[39m=[32m"width: 75px; height: auto;"[39m
              [36m/>[39m
              [36m<h1[39m
                [33mstyle[39m=[32m"flex: 1; text-align: center; margin-right: 20px;"[39m
              [36m>[39m
                [0mHome Page[0m
              [36m</h1>[39m
              [36m<button[39m
                [33mstyle[39m=[32m"border-radius: 5px;"[39m
              [36m>[39m
                [0mLog In[0m
              [36m</button>[39m
            [36m</div>[39m
            [36m<div[39m
              [33mclass[39m=[32m"description"[39m
            [36m>[39m
              [36m<div[39m
                [33mclass[39m=[32m"picture"[39m
              [36m>[39m
                [36m<img[39m
                  [33malt[39m=[32m"a testing image"[39m
                  [33msrc[39m=[32m"dudetesting.webp"[39m
                  [33mstyle[39m=[32m"width: 200px; height: auto;"[39m
                [36m/>[39m
              [36m</div>[39m
              [36m<div[39m
                [33mclass[39m=[32m"text"[39m
              [36m>[39m
                [36m<h3>[39m
                  [0mDiscover Your Path with Our Career Quiz[0m
                [36m</h3>[39m
                [36m<p>[39m
                  [0mWelcome to your first step toward finding a career that fits you! Our website offers two quiz options: the Basic Quiz for a quick look at potential career paths, and the Detailed Quiz for a more in-depth exploration of your interests and skills. Whether you're curious about new options or seeking to confirm your direction, these quizzes provide personalized insights to guide your future. Start discovering your path today![0m
                [36m</p>[39m
              [36m</div>[39m
            [36m</div>[39m
            [36m<div[39m
              [33mclass[39m=[32m"homeBasicQuestions"[39m
            [36m>[39m
              [36m<h4[39m
                [33mstyle[39m=[32m"margin-bottom: 20px;"[39m
              [36m>[39m
                [0mBasic Questions[0m
              [36m</h4>[39m
              [36m<button[39m
                [33mstyle[39m=[32m"border-radius: 5px; margin-bottom: 20px;"[39m
              [36m>[39m
                [0mBASIC[0m
              [36m</button>[39m
              [36m<p>[39m
                [0mA brief overview providing broad career suggestions based on key interests on a surface level[0m
              [36m</p>[39m
            [36m</div>[39m
            [36m<div[39m
              [33mclass[39m=[32m"homeDetailedQuestions"[39m
            [36m>[39m
              [36m<h4[39m
                [33mstyle[39m=[32m"margin-bottom: 20px;"[39m
              [36m>[39m
                [0mDetailed Questions[0m
              [36m</h4>[39m
              [36m<button[39m
                [33mstyle[39m=[32m"border-radius: 5px; margin-bottom: 20px;"[39m
              [36m>[39m
                [0mDETAILED[0m
              [36m</button>[39m
              [36m<p>[39m
                [0mA thorough personalized career evaluation based on skills, interests, and values[0m
              [36m</p>[39m
            [36m</div>[39m
            [36m<div[39m
              [33mclass[39m=[32m"footer"[39m
            [36m>[39m
              [36m<form[39m
                [33mclass[39m=[32m""[39m
              [36m>[39m
                [36m<label[39m
                  [33mclass[39m=[32m"form-label"[39m
                [36m>[39m
                  [0mAPI Key:[0m
                [36m</label>[39m
                [36m<input[39m
                  [33mclass[39m=[32m"API-form form-control"[39m
                  [33mplaceholder[39m=[32m"Insert API Key Here"[39m
                  [33mtype[39m=[32m"password"[39m
                [36m/>[39m
                [36m<button[39m
                  [33mclass[39m=[32m"Submit-Button btn btn-primary"[39m
                  [33mtype[39m=[32m"button"[39m
                [36m>[39m
                  [0mSubmit[0m
                [36m</button>[39m
              [36m</form>[39m
            [36m</div>[39m
          [36m</div>[39m
        [36m</div>[39m
      [36m</div>[39m
    [36m</body>[39m

       5 | test('renders learn react link', () => {
       6 |   render(<App />);
    >  7 |   const linkElement = screen.getByText(/learn react/i);
         |                              ^
       8 |   expect(linkElement).toBeInTheDocument();
       9 | });
      10 |

      at Object.getElementError (node_modules/@testing-library/react/node_modules/@testing-library/dom/dist/config.js:37:19)
      at node_modules/@testing-library/react/node_modules/@testing-library/dom/dist/query-helpers.js:76:38
      at node_modules/@testing-library/react/node_modules/@testing-library/dom/dist/query-helpers.js:52:17
      at getByText (node_modules/@testing-library/react/node_modules/@testing-library/dom/dist/query-helpers.js:95:19)
      at Object.<anonymous> (src/App.test.tsx:7:30)
      at TestScheduler.scheduleTests (node_modules/@jest/core/build/TestScheduler.js:333:13)
      at runJest (node_modules/@jest/core/build/runJest.js:404:19)
      at _run10000 (node_modules/@jest/core/build/cli/index.js:320:7)
      at runCLI (node_modules/@jest/core/build/cli/index.js:173:3)

------------------------|---------|----------|---------|---------|-------------------
File                    | % Stmts | % Branch | % Funcs | % Lines | Uncovered Line #s 
------------------------|---------|----------|---------|---------|-------------------
All files               |   16.52 |    20.58 |    3.84 |   16.81 |                   
 src                    |   25.64 |    22.22 |      10 |   25.64 |                   
  App.tsx               |   35.71 |    28.57 |    12.5 |   35.71 | 20,26-55,65-74    
  index.tsx             |       0 |      100 |     100 |       0 | 7-19              
  reportWebVitals.ts    |       0 |        0 |       0 |       0 | 3-10              
 src/Home Page          |   47.05 |     37.5 |      20 |   47.05 |                   
  HomePage.tsx          |   47.05 |     37.5 |      20 |   47.05 | 25,29-35,39,71    
 src/Logged In Page     |       0 |        0 |       0 |       0 |                   
  loggedPage.tsx        |       0 |        0 |       0 |       0 | 21-87             
 src/Progress Bar       |       0 |      100 |       0 |       0 |                   
  ProgressBar.tsx       |       0 |      100 |       0 |       0 | 6                 
 src/Question Pages     |       0 |        0 |       0 |       0 |                   
  basicQuestions.tsx    |       0 |        0 |       0 |       0 | 15-203            
  detailedQuestions.tsx |       0 |        0 |       0 |       0 | 16-127            
 src/Results Page       |   16.66 |        0 |       0 |   16.66 |                   
  Results.tsx           |   16.66 |        0 |       0 |   16.66 | 11-37             
------------------------|---------|----------|---------|---------|-------------------
Test Suites: 1 failed, 1 total
Tests:       1 failed, 1 total
Snapshots:   0 total
Time:        3.2 s
Ran all test suites.
[0;33mOne of your dependencies, babel-preset-react-app, is importing the
"@babel/plugin-proposal-private-property-in-object" package without
declaring it in its dependencies. This is currently working because
"@babel/plugin-proposal-private-property-in-object" is already in your
node_modules folder for unrelated reasons, but it [1mmay break at any time[0;33m.

babel-preset-react-app is part of the create-react-app project, [1mwhich
is not maintianed anymore[0;33m. It is thus unlikely that this bug will
ever be fixed. Add "@babel/plugin-proposal-private-property-in-object" to
your devDependencies to work around this error. This will make this message
go away.[0m
  
